// Jest Snapshot v1, https://goo.gl/fbAQLP

exports[`WelcomeScreen renders WelcomeScreen should render correctly with no props 1`] = `
<Fragment>
  <h1>
    Welcome to the Cash Flow Quiz!
  </h1>
  <h3>
    What is your name?
  </h3>
  <NameForm />
  <button
    onClick={[Function]}
  >
    Next
  </button>
</Fragment>
`;
